Title,Type,Geography,Geography ISO,Frameworks,Responses,Instruments,Document Types,Natural Hazards,Keywords,Sectors,Events,Documents,Parent Legislation,Description
Super Legislation,executive,name-AAAZ,AAZ,"framework2, framework1","response2, response1",instrument1|instrument_type_test;instrument2|instrument_type_test,"document_type2, document_type1","hazard2, hazard1","",sector1;sector2,02/03/2018|Some law was approved|Description of approved law|https://test.com;03/04/2018|Some law was approved|Description of approved law|https://test.com,Cool document|/rails/active_storage/blobs/eyJfcmFpbHMiOnsibWVzc2FnZSI6IkJBaHBhQT09IiwiZXhwIjpudWxsLCJwdXIiOiJibG9iX2lkIn19--dc0835f6b0d7f90042a97d1aacea1056cd4909c9/test.pdf|en;Cool document|https://test.com|en,Legislation 10 Title,Test Legislation Description
Example,executive,name-AABA,ABA,"","","","","",climate,name-AAAW,01/05/2017|Some law was approved|Description of approved law|https://test.com;02/03/2019|Some law was approved|Description of approved law|https://test.com,,,Legislation example
Legislation Example,executive,name-AABB,ABB,"","","","","","",name-AAAX,03/03/2018|Some law was approved|Description of approved law|https://test.com;01/05/2018|Some law was approved|Description of approved law|https://test.com,,,Example
