Title,Document Type,Geography,Geography ISO,Jurisdiction,Citation Reference Number,Summary,Responses,Keywords,At issue,Connected Laws and Policies,Events
Litigation Example,administrative_case,name-AAAX,AAX,Court in Country,SFKD777FDK77,Example,"","",At issue Lorem ipsumumum,"",03/03/2018 | Some case was started | Description of starting the case | https://test.com ; 01/05/2018 | Some case was started | Description of starting the case | https://test.com
Example,administrative_case,name-AAAW,AAW,Court in Country,SFKD777FDK77,Litigation example,"","",At issue Lorem ipsumumum,"",02/03/2019 | Some case was started | Description of starting the case | https://test.com ; 01/05/2019 | Some case was started | Description of starting the case | https://test.com
Super Litigation,administrative_case,name-AAAV,AAV,Court in Country,SFKD777FDK77,Summary Lorem ipsum dolor dalej nie pamietam,"response2, response1","keyword2, keyword1",At issue Lorem ipsumumum,Legislation 1 | Legislation 2,02/03/2018 | Some case was started | Description of starting the case | https://test.com ; 03/04/2018 | Some case was started | Description of starting the case | https://test.com
