Title,Geography,Geography ISO,Jurisdiction,Citation Reference Number,Responses,At issue,Connected Internal Laws,Connected External Laws,Sectors,Side A,Side B,Side C,Events,Summary
Litigation Example,Poland,POL,Court in Country,SFKD777FDK77,"",At issue Lorem ipsumumum,"","",name-AADL,"","","",03/03/2018|Some case was started|Description of starting the case|https://test.com;01/05/2018|Some case was started|Description of starting the case|https://test.com,Example
Example,Poland,POL,Court in Country,SFKD777FDK77,"",At issue Lorem ipsumumum,"","",name-AADK,"","","",02/03/2019|Some case was started|Description of starting the case|https://test.com;01/05/2019|Some case was started|Description of starting the case|https://test.com,Litigation example
Super Litigation,Poland,POL,Court in Country,SFKD777FDK77,"response2, response1",At issue Lorem ipsumumum,Legislation 1|http://climate-laws.org/cclow/geographies/name-aadg/policies/legislation-1;Legislation 2|http://climate-laws.org/cclow/geographies/name-aadh/policies/legislation-2,External legislation1|https://example.com;External legislation2|https://next-example.com,"sector1, sector2",Side A1|government;Side A2|ngo,Side B|corporation,Side C|government,02/03/2018|Some case was started|Description of starting the case|https://test.com;03/04/2018|Some case was started|Description of starting the case|https://test.com,Summary Lorem ipsum dolor dalej nie pamietam
