Title,Geography,Geography ISO,Jurisdiction,Citation Reference Number,Responses,At issue,Connected Internal Laws,Connected External Laws,Sectors,Side A,Side B,Side C,Events,Summary
Litigation Example,name-AABV,ABV,Court in Country,SFKD777FDK77,"",At issue Lorem ipsumumum,"","",name-AABJ,"","","",03/03/2018|Some case was started|Description of starting the case|https://test.com;01/05/2018|Some case was started|Description of starting the case|https://test.com,Example
Example,name-AABU,ABU,Court in Country,SFKD777FDK77,"",At issue Lorem ipsumumum,"","",name-AABI,"","","",02/03/2019|Some case was started|Description of starting the case|https://test.com;01/05/2019|Some case was started|Description of starting the case|https://test.com,Litigation example
Super Litigation,name-AABT,ABT,Court in Country,SFKD777FDK77,"response2, response1",At issue Lorem ipsumumum,Legislation 1|http://climate-laws.org/cclow/geographies/2300/policies/813;Legislation 2|http://climate-laws.org/cclow/geographies/2301/policies/814,External legislation1|https://example.com;External legislation2|https://next-example.com,"sector1, sector2",Side A1|government;Side A2|ngo,Side B|corporation,Side C|government,02/03/2018|Some case was started|Description of starting the case|https://test.com;03/04/2018|Some case was started|Description of starting the case|https://test.com,Summary Lorem ipsum dolor dalej nie pamietam
