Title,Type,Geography,Geography ISO,Frameworks,Responses,Instruments,Document Types,Natural Hazards,Keywords,Sectors,Events,Documents,Parent Legislation,Description
Super Legislation,executive,Poland,POL,"framework1, framework2","response1, response2",instrument1|instrument_type_test;instrument2|instrument_type_test,"document_type1, document_type2","hazard1, hazard2","","sector1, sector2",02/03/2018|Some law was approved|Description of approved law|https://test.com;03/04/2018|Some law was approved|Description of approved law|https://test.com,Cool document|https://test.com|en;Cool document|http://internal-url.com|en,Legislation 15 Title,Test Legislation Description
Example,executive,Poland,POL,"","","","","",climate,sector1,01/05/2017|Some law was approved|Description of approved law|https://test.com;02/03/2019|Some law was approved|Description of approved law|https://test.com,,,Legislation example
Legislation Example,executive,Poland,POL,"","","","","","",sector1,03/03/2018|Some law was approved|Description of approved law|https://test.com;01/05/2018|Some law was approved|Description of approved law|https://test.com,,,Example
